To honour the JVM settings for this build a single-use Daemon process will be forked. For more on this, please refer to https://docs.gradle.org/9.4.0/userguide/gradle_daemon.html#sec:disabling_the_daemon in the Gradle documentation.
Daemon will be stopped at the end of the build 

> Configure project :
Fabric Loom: 1.10.1

> Task :compileJava

> Task :compileJava FAILED

[Incubating] Problems report is available at: file:///data/data/com.termux/files/home/snakqproject/build/reports/problems/problems-report.html

Deprecated Gradle features were used in this build, making it incompatible with Gradle 10.

You can use '--warning-mode all' to show the individual deprecation warnings and determine if they come from your own scripts or plugins.

For more on this, please refer to https://docs.gradle.org/9.4.0/userguide/command_line_interface.html#sec:command_line_warnings in the Gradle documentation.
1 actionable task: 1 executed
/data/data/com.termux/files/home/snakqproject/src/main/java/com/snakq/client/module/Module.java:3: error: enum Category is public, should be declared in a file named Category.java
public enum Category {
       ^
/data/data/com.termux/files/home/snakqproject/src/main/java/com/snakq/client/module/Reach.java:6: error: duplicate class: com.snakq.client.module.impl.combat.Reach
public class Reach extends Module {
       ^
/data/data/com.termux/files/home/snakqproject/src/main/java/com/snakq/client/gui/HUD.java:5: error: cannot find symbol
import net.minecraft.client.Minecraft;
                           ^
  symbol:   class Minecraft
  location: package net.minecraft.client
/data/data/com.termux/files/home/snakqproject/src/main/java/com/snakq/client/gui/HUD.java:6: error: cannot find symbol
import net.minecraft.client.gui.Gui;
                               ^
  symbol:   class Gui
  location: package net.minecraft.client.gui
/data/data/com.termux/files/home/snakqproject/src/main/java/com/snakq/client/gui/HUD.java:7: error: package net.minecraft.client.renderer does not exist
import net.minecraft.client.renderer.GlStateManager;
                                    ^
/data/data/com.termux/files/home/snakqproject/src/main/java/com/snakq/client/gui/HUD.java:8: error: package net.minecraft.client.renderer does not exist
import net.minecraft.client.renderer.Tessellator;
                                    ^
/data/data/com.termux/files/home/snakqproject/src/main/java/com/snakq/client/gui/HUD.java:9: error: package net.minecraft.client.renderer.buffer does not exist
import net.minecraft.client.renderer.buffer.BufferBuilder;
                                           ^
/data/data/com.termux/files/home/snakqproject/src/main/java/com/snakq/client/gui/HUD.java:10: error: package net.minecraft.client.renderer.vertex does not exist
import net.minecraft.client.renderer.vertex.DefaultVertexFormats;
                                           ^
/data/data/com.termux/files/home/snakqproject/src/main/java/com/snakq/client/gui/HUD.java:11: error: package net.minecraft.client.renderer.vertex does not exist
import net.minecraft.client.renderer.vertex.Vertexbuffer;
                                           ^
/data/data/com.termux/files/home/snakqproject/src/main/java/com/snakq/client/gui/HUD.java:18: error: cannot find symbol
    private Minecraft mc;
            ^
  symbol:   class Minecraft
  location: class HUD
/data/data/com.termux/files/home/snakqproject/src/main/java/com/snakq/client/module/ModuleSettingsGUI.java:4: error: cannot find symbol
import net.minecraft.client.gui.Gui;
                               ^
  symbol:   class Gui
  location: package net.minecraft.client.gui
/data/data/com.termux/files/home/snakqproject/src/main/java/com/snakq/client/module/ModuleSettingsGUI.java:5: error: cannot find symbol
import net.minecraft.client.gui.GuiScreen;
                               ^
  symbol:   class GuiScreen
  location: package net.minecraft.client.gui
/data/data/com.termux/files/home/snakqproject/src/main/java/com/snakq/client/module/ModuleSettingsGUI.java:6: error: package net.minecraft.client.renderer does not exist
import net.minecraft.client.renderer.GlStateManager;
                                    ^
/data/data/com.termux/files/home/snakqproject/src/main/java/com/snakq/client/module/ModuleSettingsGUI.java:12: error: cannot find symbol
public class ModuleSettingsGUI extends GuiScreen {
                                       ^
  symbol: class GuiScreen
/data/data/com.termux/files/home/snakqproject/src/main/java/com/snakq/client/gui/HUD.java:22: error: cannot find symbol
        this.mc = Minecraft.getMinecraft();
                  ^
  symbol:   variable Minecraft
  location: class HUD
/data/data/com.termux/files/home/snakqproject/src/main/java/com/snakq/client/gui/HUD.java:26: error: cannot find symbol
        GlStateManager.pushMatrix();
        ^
  symbol:   variable GlStateManager
  location: class HUD
/data/data/com.termux/files/home/snakqproject/src/main/java/com/snakq/client/gui/HUD.java:27: error: cannot find symbol
        GlStateManager.enableBlend();
        ^
  symbol:   variable GlStateManager
  location: class HUD
/data/data/com.termux/files/home/snakqproject/src/main/java/com/snakq/client/gui/HUD.java:34: error: cannot find symbol
        GlStateManager.disableBlend();
        ^
  symbol:   variable GlStateManager
  location: class HUD
/data/data/com.termux/files/home/snakqproject/src/main/java/com/snakq/client/gui/HUD.java:35: error: cannot find symbol
        GlStateManager.popMatrix();
        ^
  symbol:   variable GlStateManager
  location: class HUD
/data/data/com.termux/files/home/snakqproject/src/main/java/com/snakq/client/gui/HUD.java:42: error: cannot find symbol
        if (module.getCategory() == Module.Category.COMBAT) {
                                          ^
  symbol:   variable Category
  location: class Module
/data/data/com.termux/files/home/snakqproject/src/main/java/com/snakq/client/gui/HUD.java:45: error: cannot find symbol
        } else if (module.getCategory() == Module.Category.MOVEMENT) {
                                                 ^
  symbol:   variable Category
  location: class Module
/data/data/com.termux/files/home/snakqproject/src/main/java/com/snakq/client/gui/HUD.java:48: error: cannot find symbol
        } else if (module.getCategory() == Module.Category.MISC) {
                                                 ^
  symbol:   variable Category
  location: class Module
/data/data/com.termux/files/home/snakqproject/src/main/java/com/snakq/client/gui/HUD.java:53: error: cannot find symbol
        Tessellator tessellator = Tessellator.getInstance();
        ^
  symbol:   class Tessellator
  location: class HUD
/data/data/com.termux/files/home/snakqproject/src/main/java/com/snakq/client/gui/HUD.java:53: error: cannot find symbol
        Tessellator tessellator = Tessellator.getInstance();
                                  ^
  symbol:   variable Tessellator
  location: class HUD
/data/data/com.termux/files/home/snakqproject/src/main/java/com/snakq/client/gui/HUD.java:54: error: cannot find symbol
        BufferBuilder bufferbuilder = tessellator.getBuffer();
        ^
  symbol:   class BufferBuilder
  location: class HUD
/data/data/com.termux/files/home/snakqproject/src/main/java/com/snakq/client/gui/HUD.java:55: error: cannot find symbol
        bufferbuilder.begin(7, DefaultVertexFormats.POSITION_COLOR);
                               ^
  symbol:   variable DefaultVertexFormats
  location: class HUD
/data/data/com.termux/files/home/snakqproject/src/main/java/com/snakq/client/gui/ClickGUI.java:18: error: constructor Screen in class Screen cannot be applied to given types;
    public ClickGUI(ModuleManager moduleManager) {
                                                 ^
  required: Text
  found:    no arguments
  reason: actual and formal argument lists differ in length
/data/data/com.termux/files/home/snakqproject/src/main/java/com/snakq/client/gui/ClickGUI.java:22: error: method does not override or implement a method from a supertype
    @Override
    ^
/data/data/com.termux/files/home/snakqproject/src/main/java/com/snakq/client/gui/ClickGUI.java:24: error: incompatible types: MatrixStack cannot be converted to DrawContext
        super.render(matrices, mouseX, mouseY, delta);
                     ^
/data/data/com.termux/files/home/snakqproject/src/main/java/com/snakq/client/gui/ClickGUI.java:37: error: cannot find symbol
        if (module.getCategory() == Module.Category.COMBAT) {
                                          ^
  symbol:   variable Category
  location: class Module
/data/data/com.termux/files/home/snakqproject/src/main/java/com/snakq/client/gui/ClickGUI.java:40: error: cannot find symbol
        } else if (module.getCategory() == Module.Category.MOVEMENT) {
                                                 ^
  symbol:   variable Category
  location: class Module
/data/data/com.termux/files/home/snakqproject/src/main/java/com/snakq/client/gui/ClickGUI.java:43: error: cannot find symbol
        } else if (module.getCategory() == Module.Category.MISC) {
                                                 ^
  symbol:   variable Category
  location: class Module
/data/data/com.termux/files/home/snakqproject/src/main/java/com/snakq/client/gui/ClickGUI.java:51: error: cannot find symbol
        BufferBuilder bufferBuilder = tessellator.getBuffer();
                                                 ^
  symbol:   method getBuffer()
  location: variable tessellator of type Tessellator
/data/data/com.termux/files/home/snakqproject/src/main/java/com/snakq/client/gui/ClickGUI.java:52: error: cannot find symbol
        bufferBuilder.begin(7, VertexFormats.POSITION_COLOR);
                     ^
  symbol:   method begin(int,VertexFormat)
  location: variable bufferBuilder of type BufferBuilder
/data/data/com.termux/files/home/snakqproject/src/main/java/com/snakq/client/gui/ClickGUI.java:54: error: cannot find symbol
            bufferBuilder.vertex(x, y + height, 0).color(0, 255, 0, 150).next();
                                                                        ^
  symbol:   method next()
  location: interface VertexConsumer
/data/data/com.termux/files/home/snakqproject/src/main/java/com/snakq/client/gui/ClickGUI.java:55: error: cannot find symbol
            bufferBuilder.vertex(x + width, y + height, 0).color(0, 255, 0, 150).next();
                                                                                ^
  symbol:   method next()
  location: interface VertexConsumer
/data/data/com.termux/files/home/snakqproject/src/main/java/com/snakq/client/gui/ClickGUI.java:56: error: cannot find symbol
            bufferBuilder.vertex(x + width, y, 0).color(0, 255, 0, 150).next();
                                                                       ^
  symbol:   method next()
  location: interface VertexConsumer
/data/data/com.termux/files/home/snakqproject/src/main/java/com/snakq/client/gui/ClickGUI.java:57: error: cannot find symbol
            bufferBuilder.vertex(x, y, 0).color(0, 255, 0, 150).next();
                                                               ^
  symbol:   method next()
  location: interface VertexConsumer
/data/data/com.termux/files/home/snakqproject/src/main/java/com/snakq/client/gui/ClickGUI.java:59: error: cannot find symbol
            bufferBuilder.vertex(x, y + height, 0).color(128, 128, 128, 150).next();
                                                                            ^
  symbol:   method next()
  location: interface VertexConsumer
/data/data/com.termux/files/home/snakqproject/src/main/java/com/snakq/client/gui/ClickGUI.java:60: error: cannot find symbol
            bufferBuilder.vertex(x + width, y + height, 0).color(128, 128, 128, 150).next();
                                                                                    ^
  symbol:   method next()
  location: interface VertexConsumer
/data/data/com.termux/files/home/snakqproject/src/main/java/com/snakq/client/gui/ClickGUI.java:61: error: cannot find symbol
            bufferBuilder.vertex(x + width, y, 0).color(128, 128, 128, 150).next();
                                                                           ^
  symbol:   method next()
  location: interface VertexConsumer
/data/data/com.termux/files/home/snakqproject/src/main/java/com/snakq/client/gui/ClickGUI.java:62: error: cannot find symbol
            bufferBuilder.vertex(x, y, 0).color(128, 128, 128, 150).next();
                                                                   ^
  symbol:   method next()
  location: interface VertexConsumer
/data/data/com.termux/files/home/snakqproject/src/main/java/com/snakq/client/gui/ClickGUI.java:64: error: cannot find symbol
        tessellator.draw();
                   ^
  symbol:   method draw()
  location: variable tessellator of type Tessellator
/data/data/com.termux/files/home/snakqproject/src/main/java/com/snakq/client/gui/ClickGUI.java:66: error: cannot find symbol
        textRenderer.drawWithShadow(matrices, module.getName(), x + 5, y + 5, 0xFFFFFF);
                    ^
  symbol:   method drawWithShadow(MatrixStack,String,int,int,int)
  location: variable textRenderer of type TextRenderer
/data/data/com.termux/files/home/snakqproject/src/main/java/com/snakq/client/module/ModuleSettingsGUI.java:20: error: method does not override or implement a method from a supertype
    @Override
    ^
/data/data/com.termux/files/home/snakqproject/src/main/java/com/snakq/client/module/ModuleSettingsGUI.java:22: error: cannot find symbol
        GlStateManager.pushMatrix();
        ^
  symbol:   variable GlStateManager
  location: class ModuleSettingsGUI
/data/data/com.termux/files/home/snakqproject/src/main/java/com/snakq/client/module/ModuleSettingsGUI.java:23: error: cannot find symbol
        GlStateManager.enableBlend();
        ^
  symbol:   variable GlStateManager
  location: class ModuleSettingsGUI
/data/data/com.termux/files/home/snakqproject/src/main/java/com/snakq/client/module/ModuleSettingsGUI.java:24: error: cannot find symbol
        GL11.glBlendFunc(GL11.GL_SRC_ALPHA, GL11.GL_ONE_MINUS_SRC_alpha);
                                                ^
  symbol:   variable GL_ONE_MINUS_SRC_alpha
  location: class GL11
/data/data/com.termux/files/home/snakqproject/src/main/java/com/snakq/client/module/ModuleSettingsGUI.java:26: error: cannot find symbol
        drawBackground(0);
        ^
  symbol:   method drawBackground(int)
  location: class ModuleSettingsGUI
/data/data/com.termux/files/home/snakqproject/src/main/java/com/snakq/client/module/ModuleSettingsGUI.java:32: error: cannot find symbol
        GlStateManager.disableBlend();
        ^
  symbol:   variable GlStateManager
  location: class ModuleSettingsGUI
/data/data/com.termux/files/home/snakqproject/src/main/java/com/snakq/client/module/ModuleSettingsGUI.java:33: error: cannot find symbol
        GlStateManager.popMatrix();
        ^
  symbol:   variable GlStateManager
  location: class ModuleSettingsGUI
/data/data/com.termux/files/home/snakqproject/src/main/java/com/snakq/client/module/ModuleSettingsGUI.java:44: error: cannot find symbol
            if (isMouseButtonDown(0)) {
                ^
  symbol:   method isMouseButtonDown(int)
  location: class ModuleSettingsGUI
/data/data/com.termux/files/home/snakqproject/src/main/java/com/snakq/client/module/ModuleSettingsGUI.java:49: error: cannot find symbol
        Gui.drawRect(x, y, x + width, y + height, new Color(128, 128, 128, 150).getRGB());
        ^
  symbol:   variable Gui
  location: class ModuleSettingsGUI
/data/data/com.termux/files/home/snakqproject/src/main/java/com/snakq/client/module/ModuleSettingsGUI.java:50: error: cannot find symbol
        Gui.drawRect(x, y, x + (width * 50 / 100), y + height, new Color(0, 255, 0, 150).getRGB());
        ^
  symbol:   variable Gui
  location: class ModuleSettingsGUI
/data/data/com.termux/files/home/snakqproject/src/main/java/com/snakq/client/module/ModuleSettingsGUI.java:53: error: method does not override or implement a method from a supertype
    @Override
    ^
/data/data/com.termux/files/home/snakqproject/src/main/java/com/snakq/client/module/ModuleSettingsGUI.java:58: error: method does not override or implement a method from a supertype
    @Override
    ^
/data/data/com.termux/files/home/snakqproject/src/main/java/com/snakq/client/module/ModuleSettingsGUI.java:60: error: cannot find symbol
        super.handleMouseInput();
        ^
  symbol:   variable super
  location: class ModuleSettingsGUI
/data/data/com.termux/files/home/snakqproject/src/main/java/com/snakq/client/module/ModuleSettingsGUI.java:63: error: method does not override or implement a method from a supertype
    @Override
    ^
/data/data/com.termux/files/home/snakqproject/src/main/java/com/snakq/client/module/ModuleSettingsGUI.java:65: error: cannot find symbol
        super.handleKeyboardInput();
        ^
  symbol:   variable super
  location: class ModuleSettingsGUI
/data/data/com.termux/files/home/snakqproject/src/main/java/com/snakq/client/module/impl/combat/AutoClicker.java:8: error: AutoClicker is not abstract and does not override abstract method init() in Module
public class AutoClicker extends Module {
       ^
/data/data/com.termux/files/home/snakqproject/src/main/java/com/snakq/client/module/impl/combat/AutoClicker.java:17: error: method does not override or implement a method from a supertype
    @Override
    ^
/data/data/com.termux/files/home/snakqproject/src/main/java/com/snakq/client/module/impl/combat/AutoClicker.java:22: error: method does not override or implement a method from a supertype
    @Override
    ^
/data/data/com.termux/files/home/snakqproject/src/main/java/com/snakq/client/module/impl/combat/AutoClicker.java:37: error: cannot find symbol
            options.attack = !options.attack;
                   ^
  symbol:   variable attack
  location: variable options of type GameOptions
/data/data/com.termux/files/home/snakqproject/src/main/java/com/snakq/client/module/impl/combat/AutoClicker.java:37: error: cannot find symbol
            options.attack = !options.attack;
                                     ^
  symbol:   variable attack
  location: variable options of type GameOptions
/data/data/com.termux/files/home/snakqproject/src/main/java/com/snakq/client/module/impl/combat/Criticals.java:10: error: Criticals is not abstract and does not override abstract method init() in Module
public class Criticals extends Module {
       ^
/data/data/com.termux/files/home/snakqproject/src/main/java/com/snakq/client/module/impl/combat/Criticals.java:16: error: method does not override or implement a method from a supertype
    @Override
    ^
/data/data/com.termux/files/home/snakqproject/src/main/java/com/snakq/client/module/impl/combat/Criticals.java:21: error: method does not override or implement a method from a supertype
    @Override
    ^
/data/data/com.termux/files/home/snakqproject/src/main/java/com/snakq/client/module/impl/combat/Criticals.java:37: error: cannot find symbol
        player.sendPlayerCommand(PlayerEntity.Abilities.FLYING) = true;
                                             ^
  symbol:   variable Abilities
  location: class PlayerEntity
/data/data/com.termux/files/home/snakqproject/src/main/java/com/snakq/client/module/impl/combat/Criticals.java:38: error: incompatible types: Mode cannot be converted to PacketByteBuf
        client.player.networkHandler.sendPacket(new ClientCommandC2SPacket(ClientCommandC2SPacket.Mode.PRESS_SHIFT_KEY));
                                                                                                      ^
/data/data/com.termux/files/home/snakqproject/src/main/java/com/snakq/client/module/impl/combat/KillAura.java:11: error: KillAura is not abstract and does not override abstract method init() in Module
public class KillAura extends Module {
       ^
/data/data/com.termux/files/home/snakqproject/src/main/java/com/snakq/client/module/impl/combat/KillAura.java:20: error: method does not override or implement a method from a supertype
    @Override
    ^
/data/data/com.termux/files/home/snakqproject/src/main/java/com/snakq/client/module/impl/combat/KillAura.java:25: error: method does not override or implement a method from a supertype
    @Override
    ^
/data/data/com.termux/files/home/snakqproject/src/main/java/com/snakq/client/module/impl/combat/KillAura.java:31: error: cannot find symbol
        ClientPlayerEntity player = MinecraftClient.getInstance().player;
                                    ^
  symbol:   variable MinecraftClient
  location: class KillAura
/data/data/com.termux/files/home/snakqproject/src/main/java/com/snakq/client/module/impl/combat/KillAura.java:45: error: method attack in class PlayerEntity cannot be applied to given types;
            player.attack();
                  ^
  required: Entity
  found:    no arguments
  reason: actual and formal argument lists differ in length
/data/data/com.termux/files/home/snakqproject/src/main/java/com/snakq/client/module/impl/combat/KillAura.java:53: error: world has private access in Entity
        for (Entity entity : player.world.getEntities()) {
                                   ^
/data/data/com.termux/files/home/snakqproject/src/main/java/com/snakq/client/module/impl/combat/KillAura.java:53: error: cannot find symbol
        for (Entity entity : player.world.getEntities()) {
                                         ^
  symbol:   method getEntities()
  location: variable world of type World
/data/data/com.termux/files/home/snakqproject/src/main/java/com/snakq/client/module/impl/combat/Reach.java:9: error: Reach is not abstract and does not override abstract method init() in Module
public class Reach extends Module {
       ^
/data/data/com.termux/files/home/snakqproject/src/main/java/com/snakq/client/module/impl/combat/Reach.java:18: error: method does not override or implement a method from a supertype
    @Override
    ^
/data/data/com.termux/files/home/snakqproject/src/main/java/com/snakq/client/module/impl/combat/Reach.java:23: error: method does not override or implement a method from a supertype
    @Override
    ^
/data/data/com.termux/files/home/snakqproject/src/main/java/com/snakq/client/module/impl/movement/BunnyHop.java:6: error: BunnyHop is not abstract and does not override abstract method init() in Module
public class BunnyHop extends Module {
       ^
/data/data/com.termux/files/home/snakqproject/src/main/java/com/snakq/client/module/impl/movement/BunnyHop.java:11: error: method does not override or implement a method from a supertype
    @Override
    ^
/data/data/com.termux/files/home/snakqproject/src/main/java/com/snakq/client/module/impl/movement/BunnyHop.java:16: error: method does not override or implement a method from a supertype
    @Override
    ^
/data/data/com.termux/files/home/snakqproject/src/main/java/com/snakq/client/module/impl/movement/Fly.java:6: error: Fly is not abstract and does not override abstract method init() in Module
public class Fly extends Module {
       ^
/data/data/com.termux/files/home/snakqproject/src/main/java/com/snakq/client/module/impl/movement/Fly.java:11: error: method does not override or implement a method from a supertype
    @Override
    ^
/data/data/com.termux/files/home/snakqproject/src/main/java/com/snakq/client/module/impl/movement/Fly.java:16: error: method does not override or implement a method from a supertype
    @Override
    ^
/data/data/com.termux/files/home/snakqproject/src/main/java/com/snakq/client/module/impl/movement/Speed.java:6: error: Speed is not abstract and does not override abstract method init() in Module
public class Speed extends Module {
       ^
/data/data/com.termux/files/home/snakqproject/src/main/java/com/snakq/client/module/impl/movement/Speed.java:11: error: method does not override or implement a method from a supertype
    @Override
    ^
/data/data/com.termux/files/home/snakqproject/src/main/java/com/snakq/client/module/impl/movement/Speed.java:16: error: method does not override or implement a method from a supertype
    @Override
    ^
/data/data/com.termux/files/home/snakqproject/src/main/java/com/snakq/client/module/impl/visual/Fullbright.java:6: error: Fullbright is not abstract and does not override abstract method init() in Module
public class Fullbright extends Module {
       ^
/data/data/com.termux/files/home/snakqproject/src/main/java/com/snakq/client/module/impl/visual/Fullbright.java:11: error: method does not override or implement a method from a supertype
    @Override
    ^
/data/data/com.termux/files/home/snakqproject/src/main/java/com/snakq/client/module/impl/visual/Fullbright.java:16: error: method does not override or implement a method from a supertype
    @Override
    ^
/data/data/com.termux/files/home/snakqproject/src/main/java/com/snakq/client/module/impl/visual/NoFog.java:6: error: NoFog is not abstract and does not override abstract method init() in Module
public class NoFog extends Module {
       ^
/data/data/com.termux/files/home/snakqproject/src/main/java/com/snakq/client/module/impl/visual/NoFog.java:11: error: method does not override or implement a method from a supertype
    @Override
    ^
/data/data/com.termux/files/home/snakqproject/src/main/java/com/snakq/client/module/impl/visual/NoFog.java:16: error: method does not override or implement a method from a supertype
    @Override
    ^
Note: Some messages have been simplified; recompile with -Xdiags:verbose to get full output
94 errors

FAILURE: Build failed with an exception.

* What went wrong:
Execution failed for task ':compileJava'.
> Compilation failed; see the compiler output below.
  /data/data/com.termux/files/home/snakqproject/src/main/java/com/snakq/client/gui/ClickGUI.java:18: error: constructor Screen in class Screen cannot be applied to given types;
      public ClickGUI(ModuleManager moduleManager) {
                                                   ^
    required: Text
    found:    no arguments
    reason: actual and formal argument lists differ in length
  /data/data/com.termux/files/home/snakqproject/src/main/java/com/snakq/client/module/impl/combat/KillAura.java:45: error: method attack in class PlayerEntity cannot be applied to given types;
              player.attack();
                    ^
    required: Entity
    found:    no arguments
    reason: actual and formal argument lists differ in length
  /data/data/com.termux/files/home/snakqproject/src/main/java/com/snakq/client/module/impl/combat/AutoClicker.java:8: error: AutoClicker is not abstract and does not override abstract method init() in Module
  public class AutoClicker extends Module {
         ^
  /data/data/com.termux/files/home/snakqproject/src/main/java/com/snakq/client/module/impl/combat/Criticals.java:10: error: Criticals is not abstract and does not override abstract method init() in Module
  public class Criticals extends Module {
         ^
  /data/data/com.termux/files/home/snakqproject/src/main/java/com/snakq/client/module/impl/combat/KillAura.java:11: error: KillAura is not abstract and does not override abstract method init() in Module
  public class KillAura extends Module {
         ^
  /data/data/com.termux/files/home/snakqproject/src/main/java/com/snakq/client/module/impl/combat/Reach.java:9: error: Reach is not abstract and does not override abstract method init() in Module
  public class Reach extends Module {
         ^
  /data/data/com.termux/files/home/snakqproject/src/main/java/com/snakq/client/module/impl/movement/BunnyHop.java:6: error: BunnyHop is not abstract and does not override abstract method init() in Module
  public class BunnyHop extends Module {
         ^
  /data/data/com.termux/files/home/snakqproject/src/main/java/com/snakq/client/module/impl/movement/Fly.java:6: error: Fly is not abstract and does not override abstract method init() in Module
  public class Fly extends Module {
         ^
  /data/data/com.termux/files/home/snakqproject/src/main/java/com/snakq/client/module/impl/movement/Speed.java:6: error: Speed is not abstract and does not override abstract method init() in Module
  public class Speed extends Module {
         ^
  /data/data/com.termux/files/home/snakqproject/src/main/java/com/snakq/client/module/impl/visual/Fullbright.java:6: error: Fullbright is not abstract and does not override abstract method init() in Module
  public class Fullbright extends Module {
         ^
  /data/data/com.termux/files/home/snakqproject/src/main/java/com/snakq/client/module/impl/visual/NoFog.java:6: error: NoFog is not abstract and does not override abstract method init() in Module
  public class NoFog extends Module {
         ^
  /data/data/com.termux/files/home/snakqproject/src/main/java/com/snakq/client/gui/ClickGUI.java:24: error: incompatible types: MatrixStack cannot be converted to DrawContext
          super.render(matrices, mouseX, mouseY, delta);
                       ^
  /data/data/com.termux/files/home/snakqproject/src/main/java/com/snakq/client/module/impl/combat/Criticals.java:38: error: incompatible types: Mode cannot be converted to PacketByteBuf
          client.player.networkHandler.sendPacket(new ClientCommandC2SPacket(ClientCommandC2SPacket.Mode.PRESS_SHIFT_KEY));
                                                                                                        ^
  /data/data/com.termux/files/home/snakqproject/src/main/java/com/snakq/client/gui/HUD.java:5: error: cannot find symbol
  import net.minecraft.client.Minecraft;
                             ^
    symbol:   class Minecraft
    location: package net.minecraft.client
  /data/data/com.termux/files/home/snakqproject/src/main/java/com/snakq/client/gui/HUD.java:6: error: cannot find symbol
  import net.minecraft.client.gui.Gui;
                                 ^
    symbol:   class Gui
    location: package net.minecraft.client.gui
  /data/data/com.termux/files/home/snakqproject/src/main/java/com/snakq/client/gui/HUD.java:18: error: cannot find symbol
      private Minecraft mc;
              ^
    symbol:   class Minecraft
    location: class HUD
  /data/data/com.termux/files/home/snakqproject/src/main/java/com/snakq/client/module/ModuleSettingsGUI.java:4: error: cannot find symbol
  import net.minecraft.client.gui.Gui;
                                 ^
    symbol:   class Gui
    location: package net.minecraft.client.gui
  /data/data/com.termux/files/home/snakqproject/src/main/java/com/snakq/client/module/ModuleSettingsGUI.java:5: error: cannot find symbol
  import net.minecraft.client.gui.GuiScreen;
                                 ^
    symbol:   class GuiScreen
    location: package net.minecraft.client.gui
  /data/data/com.termux/files/home/snakqproject/src/main/java/com/snakq/client/gui/HUD.java:22: error: cannot find symbol
          this.mc = Minecraft.getMinecraft();
                    ^
    symbol:   variable Minecraft
    location: class HUD
  /data/data/com.termux/files/home/snakqproject/src/main/java/com/snakq/client/gui/HUD.java:26: error: cannot find symbol
          GlStateManager.pushMatrix();
          ^
    symbol:   variable GlStateManager
    location: class HUD
  /data/data/com.termux/files/home/snakqproject/src/main/java/com/snakq/client/gui/HUD.java:27: error: cannot find symbol
          GlStateManager.enableBlend();
          ^
    symbol:   variable GlStateManager
    location: class HUD
  /data/data/com.termux/files/home/snakqproject/src/main/java/com/snakq/client/gui/HUD.java:34: error: cannot find symbol
          GlStateManager.disableBlend();
          ^
    symbol:   variable GlStateManager
    location: class HUD
  /data/data/com.termux/files/home/snakqproject/src/main/java/com/snakq/client/gui/HUD.java:35: error: cannot find symbol
          GlStateManager.popMatrix();
          ^
    symbol:   variable GlStateManager
    location: class HUD
  /data/data/com.termux/files/home/snakqproject/src/main/java/com/snakq/client/gui/HUD.java:42: error: cannot find symbol
          if (module.getCategory() == Module.Category.COMBAT) {
                                            ^
    symbol:   variable Category
    location: class Module
  /data/data/com.termux/files/home/snakqproject/src/main/java/com/snakq/client/gui/HUD.java:45: error: cannot find symbol
          } else if (module.getCategory() == Module.Category.MOVEMENT) {
                                                   ^
    symbol:   variable Category
    location: class Module
  /data/data/com.termux/files/home/snakqproject/src/main/java/com/snakq/client/gui/HUD.java:48: error: cannot find symbol
          } else if (module.getCategory() == Module.Category.MISC) {
                                                   ^
    symbol:   variable Category
    location: class Module
  /data/data/com.termux/files/home/snakqproject/src/main/java/com/snakq/client/gui/HUD.java:53: error: cannot find symbol
          Tessellator tessellator = Tessellator.getInstance();
          ^
    symbol:   class Tessellator
    location: class HUD
  /data/data/com.termux/files/home/snakqproject/src/main/java/com/snakq/client/gui/HUD.java:53: error: cannot find symbol
          Tessellator tessellator = Tessellator.getInstance();
                                    ^
    symbol:   variable Tessellator
    location: class HUD
  /data/data/com.termux/files/home/snakqproject/src/main/java/com/snakq/client/gui/HUD.java:54: error: cannot find symbol
          BufferBuilder bufferbuilder = tessellator.getBuffer();
          ^
    symbol:   class BufferBuilder
    location: class HUD
  /data/data/com.termux/files/home/snakqproject/src/main/java/com/snakq/client/gui/HUD.java:55: error: cannot find symbol
          bufferbuilder.begin(7, DefaultVertexFormats.POSITION_COLOR);
                                 ^
    symbol:   variable DefaultVertexFormats
    location: class HUD
  /data/data/com.termux/files/home/snakqproject/src/main/java/com/snakq/client/gui/ClickGUI.java:37: error: cannot find symbol
          if (module.getCategory() == Module.Category.COMBAT) {
                                            ^
    symbol:   variable Category
    location: class Module
  /data/data/com.termux/files/home/snakqproject/src/main/java/com/snakq/client/gui/ClickGUI.java:40: error: cannot find symbol
          } else if (module.getCategory() == Module.Category.MOVEMENT) {
                                                   ^
    symbol:   variable Category
    location: class Module
  /data/data/com.termux/files/home/snakqproject/src/main/java/com/snakq/client/gui/ClickGUI.java:43: error: cannot find symbol
          } else if (module.getCategory() == Module.Category.MISC) {
                                                   ^
    symbol:   variable Category
    location: class Module
  /data/data/com.termux/files/home/snakqproject/src/main/java/com/snakq/client/module/ModuleSettingsGUI.java:22: error: cannot find symbol
          GlStateManager.pushMatrix();
          ^
    symbol:   variable GlStateManager
    location: class ModuleSettingsGUI
  /data/data/com.termux/files/home/snakqproject/src/main/java/com/snakq/client/module/ModuleSettingsGUI.java:23: error: cannot find symbol
          GlStateManager.enableBlend();
          ^
    symbol:   variable GlStateManager
    location: class ModuleSettingsGUI
  /data/data/com.termux/files/home/snakqproject/src/main/java/com/snakq/client/module/ModuleSettingsGUI.java:24: error: cannot find symbol
          GL11.glBlendFunc(GL11.GL_SRC_ALPHA, GL11.GL_ONE_MINUS_SRC_alpha);
                                                  ^
    symbol:   variable GL_ONE_MINUS_SRC_alpha
    location: class GL11
  /data/data/com.termux/files/home/snakqproject/src/main/java/com/snakq/client/module/ModuleSettingsGUI.java:32: error: cannot find symbol
          GlStateManager.disableBlend();
          ^
    symbol:   variable GlStateManager
    location: class ModuleSettingsGUI
  /data/data/com.termux/files/home/snakqproject/src/main/java/com/snakq/client/module/ModuleSettingsGUI.java:33: error: cannot find symbol
          GlStateManager.popMatrix();
          ^
    symbol:   variable GlStateManager
    location: class ModuleSettingsGUI
  /data/data/com.termux/files/home/snakqproject/src/main/java/com/snakq/client/module/ModuleSettingsGUI.java:49: error: cannot find symbol
          Gui.drawRect(x, y, x + width, y + height, new Color(128, 128, 128, 150).getRGB());
          ^
    symbol:   variable Gui
    location: class ModuleSettingsGUI
  /data/data/com.termux/files/home/snakqproject/src/main/java/com/snakq/client/module/ModuleSettingsGUI.java:50: error: cannot find symbol
          Gui.drawRect(x, y, x + (width * 50 / 100), y + height, new Color(0, 255, 0, 150).getRGB());
          ^
    symbol:   variable Gui
    location: class ModuleSettingsGUI
  /data/data/com.termux/files/home/snakqproject/src/main/java/com/snakq/client/module/ModuleSettingsGUI.java:60: error: cannot find symbol
          super.handleMouseInput();
          ^
    symbol:   variable super
    location: class ModuleSettingsGUI
  /data/data/com.termux/files/home/snakqproject/src/main/java/com/snakq/client/module/ModuleSettingsGUI.java:65: error: cannot find symbol
          super.handleKeyboardInput();
          ^
    symbol:   variable super
    location: class ModuleSettingsGUI
  /data/data/com.termux/files/home/snakqproject/src/main/java/com/snakq/client/module/impl/combat/AutoClicker.java:37: error: cannot find symbol
              options.attack = !options.attack;
                     ^
    symbol:   variable attack
    location: variable options of type GameOptions
  /data/data/com.termux/files/home/snakqproject/src/main/java/com/snakq/client/module/impl/combat/AutoClicker.java:37: error: cannot find symbol
              options.attack = !options.attack;
                                       ^
    symbol:   variable attack
    location: variable options of type GameOptions
  /data/data/com.termux/files/home/snakqproject/src/main/java/com/snakq/client/module/impl/combat/Criticals.java:37: error: cannot find symbol
          player.sendPlayerCommand(PlayerEntity.Abilities.FLYING) = true;
                                               ^
    symbol:   variable Abilities
    location: class PlayerEntity
  /data/data/com.termux/files/home/snakqproject/src/main/java/com/snakq/client/module/impl/combat/KillAura.java:31: error: cannot find symbol
          ClientPlayerEntity player = MinecraftClient.getInstance().player;
                                      ^
    symbol:   variable MinecraftClient
    location: class KillAura
  /data/data/com.termux/files/home/snakqproject/src/main/java/com/snakq/client/module/impl/combat/KillAura.java:53: error: world has private access in Entity
          for (Entity entity : player.world.getEntities()) {
                                     ^
  /data/data/com.termux/files/home/snakqproject/src/main/java/com/snakq/client/gui/ClickGUI.java:22: error: method does not override or implement a method from a supertype
      @Override
      ^
  /data/data/com.termux/files/home/snakqproject/src/main/java/com/snakq/client/module/ModuleSettingsGUI.java:20: error: method does not override or implement a method from a supertype
      @Override
      ^
  /data/data/com.termux/files/home/snakqproject/src/main/java/com/snakq/client/module/ModuleSettingsGUI.java:53: error: method does not override or implement a method from a supertype
      @Override
      ^
  /data/data/com.termux/files/home/snakqproject/src/main/java/com/snakq/client/module/ModuleSettingsGUI.java:58: error: method does not override or implement a method from a supertype
      @Override
      ^
  /data/data/com.termux/files/home/snakqproject/src/main/java/com/snakq/client/module/ModuleSettingsGUI.java:63: error: method does not override or implement a method from a supertype
      @Override
      ^
  /data/data/com.termux/files/home/snakqproject/src/main/java/com/snakq/client/module/impl/combat/AutoClicker.java:17: error: method does not override or implement a method from a supertype
      @Override
      ^
  /data/data/com.termux/files/home/snakqproject/src/main/java/com/snakq/client/module/impl/combat/AutoClicker.java:22: error: method does not override or implement a method from a supertype
      @Override
      ^
  /data/data/com.termux/files/home/snakqproject/src/main/java/com/snakq/client/module/impl/combat/Criticals.java:16: error: method does not override or implement a method from a supertype
      @Override
      ^
  /data/data/com.termux/files/home/snakqproject/src/main/java/com/snakq/client/module/impl/combat/Criticals.java:21: error: method does not override or implement a method from a supertype
      @Override
      ^
  /data/data/com.termux/files/home/snakqproject/src/main/java/com/snakq/client/module/impl/combat/KillAura.java:20: error: method does not override or implement a method from a supertype
      @Override
      ^
  /data/data/com.termux/files/home/snakqproject/src/main/java/com/snakq/client/module/impl/combat/KillAura.java:25: error: method does not override or implement a method from a supertype
      @Override
      ^
  /data/data/com.termux/files/home/snakqproject/src/main/java/com/snakq/client/module/impl/combat/Reach.java:18: error: method does not override or implement a method from a supertype
      @Override
      ^
  /data/data/com.termux/files/home/snakqproject/src/main/java/com/snakq/client/module/impl/combat/Reach.java:23: error: method does not override or implement a method from a supertype
      @Override
      ^
  /data/data/com.termux/files/home/snakqproject/src/main/java/com/snakq/client/module/impl/movement/BunnyHop.java:11: error: method does not override or implement a method from a supertype
      @Override
      ^
  /data/data/com.termux/files/home/snakqproject/src/main/java/com/snakq/client/module/impl/movement/BunnyHop.java:16: error: method does not override or implement a method from a supertype
      @Override
      ^
  /data/data/com.termux/files/home/snakqproject/src/main/java/com/snakq/client/module/impl/movement/Fly.java:11: error: method does not override or implement a method from a supertype
      @Override
      ^
  /data/data/com.termux/files/home/snakqproject/src/main/java/com/snakq/client/module/impl/movement/Fly.java:16: error: method does not override or implement a method from a supertype
      @Override
      ^
  /data/data/com.termux/files/home/snakqproject/src/main/java/com/snakq/client/module/impl/movement/Speed.java:11: error: method does not override or implement a method from a supertype
      @Override
      ^
  /data/data/com.termux/files/home/snakqproject/src/main/java/com/snakq/client/module/impl/movement/Speed.java:16: error: method does not override or implement a method from a supertype
      @Override
      ^
  /data/data/com.termux/files/home/snakqproject/src/main/java/com/snakq/client/module/impl/visual/Fullbright.java:11: error: method does not override or implement a method from a supertype
      @Override
      ^
  /data/data/com.termux/files/home/snakqproject/src/main/java/com/snakq/client/module/impl/visual/Fullbright.java:16: error: method does not override or implement a method from a supertype
      @Override
      ^
  /data/data/com.termux/files/home/snakqproject/src/main/java/com/snakq/client/module/impl/visual/NoFog.java:11: error: method does not override or implement a method from a supertype
      @Override
      ^
  /data/data/com.termux/files/home/snakqproject/src/main/java/com/snakq/client/module/impl/visual/NoFog.java:16: error: method does not override or implement a method from a supertype
      @Override
      ^
  Note: Some messages have been simplified; recompile with -Xdiags:verbose to get full output
  /data/data/com.termux/files/home/snakqproject/src/main/java/com/snakq/client/module/ModuleSettingsGUI.java:12: error: cannot find symbol
  public class ModuleSettingsGUI extends GuiScreen {
                                         ^
    symbol: class GuiScreen
  /data/data/com.termux/files/home/snakqproject/src/main/java/com/snakq/client/gui/ClickGUI.java:51: error: cannot find symbol
          BufferBuilder bufferBuilder = tessellator.getBuffer();
                                                   ^
    symbol:   method getBuffer()
    location: variable tessellator of type Tessellator
  /data/data/com.termux/files/home/snakqproject/src/main/java/com/snakq/client/gui/ClickGUI.java:52: error: cannot find symbol
          bufferBuilder.begin(7, VertexFormats.POSITION_COLOR);
                       ^
    symbol:   method begin(int,VertexFormat)
    location: variable bufferBuilder of type BufferBuilder
  /data/data/com.termux/files/home/snakqproject/src/main/java/com/snakq/client/gui/ClickGUI.java:54: error: cannot find symbol
              bufferBuilder.vertex(x, y + height, 0).color(0, 255, 0, 150).next();
                                                                          ^
    symbol:   method next()
    location: interface VertexConsumer
  /data/data/com.termux/files/home/snakqproject/src/main/java/com/snakq/client/gui/ClickGUI.java:55: error: cannot find symbol
              bufferBuilder.vertex(x + width, y + height, 0).color(0, 255, 0, 150).next();
                                                                                  ^
    symbol:   method next()
    location: interface VertexConsumer
  /data/data/com.termux/files/home/snakqproject/src/main/java/com/snakq/client/gui/ClickGUI.java:56: error: cannot find symbol
              bufferBuilder.vertex(x + width, y, 0).color(0, 255, 0, 150).next();
                                                                         ^
    symbol:   method next()
    location: interface VertexConsumer
  /data/data/com.termux/files/home/snakqproject/src/main/java/com/snakq/client/gui/ClickGUI.java:57: error: cannot find symbol
              bufferBuilder.vertex(x, y, 0).color(0, 255, 0, 150).next();
                                                                 ^
    symbol:   method next()
    location: interface VertexConsumer
  /data/data/com.termux/files/home/snakqproject/src/main/java/com/snakq/client/gui/ClickGUI.java:59: error: cannot find symbol
              bufferBuilder.vertex(x, y + height, 0).color(128, 128, 128, 150).next();
                                                                              ^
    symbol:   method next()
    location: interface VertexConsumer
  /data/data/com.termux/files/home/snakqproject/src/main/java/com/snakq/client/gui/ClickGUI.java:60: error: cannot find symbol
              bufferBuilder.vertex(x + width, y + height, 0).color(128, 128, 128, 150).next();
                                                                                      ^
    symbol:   method next()
    location: interface VertexConsumer
  /data/data/com.termux/files/home/snakqproject/src/main/java/com/snakq/client/gui/ClickGUI.java:61: error: cannot find symbol
              bufferBuilder.vertex(x + width, y, 0).color(128, 128, 128, 150).next();
                                                                             ^
    symbol:   method next()
    location: interface VertexConsumer
  /data/data/com.termux/files/home/snakqproject/src/main/java/com/snakq/client/gui/ClickGUI.java:62: error: cannot find symbol
              bufferBuilder.vertex(x, y, 0).color(128, 128, 128, 150).next();
                                                                     ^
    symbol:   method next()
    location: interface VertexConsumer
  /data/data/com.termux/files/home/snakqproject/src/main/java/com/snakq/client/gui/ClickGUI.java:64: error: cannot find symbol
          tessellator.draw();
                     ^
    symbol:   method draw()
    location: variable tessellator of type Tessellator
  /data/data/com.termux/files/home/snakqproject/src/main/java/com/snakq/client/gui/ClickGUI.java:66: error: cannot find symbol
          textRenderer.drawWithShadow(matrices, module.getName(), x + 5, y + 5, 0xFFFFFF);
                      ^
    symbol:   method drawWithShadow(MatrixStack,String,int,int,int)
    location: variable textRenderer of type TextRenderer
  /data/data/com.termux/files/home/snakqproject/src/main/java/com/snakq/client/module/ModuleSettingsGUI.java:26: error: cannot find symbol
          drawBackground(0);
          ^
    symbol:   method drawBackground(int)
    location: class ModuleSettingsGUI
  /data/data/com.termux/files/home/snakqproject/src/main/java/com/snakq/client/module/ModuleSettingsGUI.java:44: error: cannot find symbol
              if (isMouseButtonDown(0)) {
                  ^
    symbol:   method isMouseButtonDown(int)
    location: class ModuleSettingsGUI
  /data/data/com.termux/files/home/snakqproject/src/main/java/com/snakq/client/module/impl/combat/KillAura.java:53: error: cannot find symbol
          for (Entity entity : player.world.getEntities()) {
                                           ^
    symbol:   method getEntities()
    location: variable world of type World
  /data/data/com.termux/files/home/snakqproject/src/main/java/com/snakq/client/gui/HUD.java:7: error: package net.minecraft.client.renderer does not exist
  import net.minecraft.client.renderer.GlStateManager;
                                      ^
  /data/data/com.termux/files/home/snakqproject/src/main/java/com/snakq/client/gui/HUD.java:8: error: package net.minecraft.client.renderer does not exist
  import net.minecraft.client.renderer.Tessellator;
                                      ^
  /data/data/com.termux/files/home/snakqproject/src/main/java/com/snakq/client/gui/HUD.java:9: error: package net.minecraft.client.renderer.buffer does not exist
  import net.minecraft.client.renderer.buffer.BufferBuilder;
                                             ^
  /data/data/com.termux/files/home/snakqproject/src/main/java/com/snakq/client/gui/HUD.java:10: error: package net.minecraft.client.renderer.vertex does not exist
  import net.minecraft.client.renderer.vertex.DefaultVertexFormats;
                                             ^
  /data/data/com.termux/files/home/snakqproject/src/main/java/com/snakq/client/gui/HUD.java:11: error: package net.minecraft.client.renderer.vertex does not exist
  import net.minecraft.client.renderer.vertex.Vertexbuffer;
                                             ^
  /data/data/com.termux/files/home/snakqproject/src/main/java/com/snakq/client/module/ModuleSettingsGUI.java:6: error: package net.minecraft.client.renderer does not exist
  import net.minecraft.client.renderer.GlStateManager;
                                      ^
  /data/data/com.termux/files/home/snakqproject/src/main/java/com/snakq/client/module/Reach.java:6: error: duplicate class: com.snakq.client.module.impl.combat.Reach
  public class Reach extends Module {
         ^
  /data/data/com.termux/files/home/snakqproject/src/main/java/com/snakq/client/module/Module.java:3: error: enum Category is public, should be declared in a file named Category.java
  public enum Category {
         ^
  94 errors

* Try:
> Check your code and dependencies to fix the compilation error(s)
> Run with --scan to get full insights from a Build Scan (powered by Develocity).

BUILD FAILED in 17s
